=== v3tk masking run start: 2026-06-03T11:07:10 ===
[FOV] NGC4569: nx=888 ny=1260 pixscale=0.2000"/pix rad=2.733 arcmin
[FOV] FoV mask coverage: 59.62%
[0;32mINFO[0m: Query finished. [astroquery.utils.tap.core]
[Gaia] mode=foreground (foreground thresholds: plx≥0.002 mas & SNR≥5.0 OR pm≥0.02 mas/yr & SNR≥5.0)
[STAR] Gaia DR3 3931813968443751168 (GAIA J123653.40+130938.1) ra=189.222520 dec=13.160595 RA=12:36:53.40 DEC=+13:09:38.14 GaiaG=19.72 r_arcsec=2.50 | plx=0.011±0.420 mas (SNR=0.0) | pm=3.78±0.66 mas/yr (SNR=5.7) | foreground because PM: pm≥0.02 mas/yr and SNR≥5.0
[STAR] Gaia DR3 3931816751582662272 (GAIA J123644.55+130815.2) ra=189.185624 dec=13.137542 RA=12:36:44.55 DEC=+13:08:15.15 GaiaG=20.35 r_arcsec=2.50 | plx=0.196±0.655 mas (SNR=0.3) | pm=10.98±1.32 mas/yr (SNR=8.3) | foreground because PM: pm≥0.02 mas/yr and SNR≥5.0
[STAR] Gaia DR3 3931816923381250944 (GAIA J123652.88+131027.1) ra=189.220328 dec=13.174190 RA=12:36:52.88 DEC=+13:10:27.08 GaiaG=20.13 r_arcsec=2.50 | plx=0.048±0.537 mas (SNR=0.1) | pm=6.14±0.93 mas/yr (SNR=6.6) | foreground because PM: pm≥0.02 mas/yr and SNR≥5.0
[STAR] Gaia DR3 3931816889021499392 (GAIA J123649.44+130931.4) ra=189.206011 dec=13.158711 RA=12:36:49.44 DEC=+13:09:31.36 GaiaG=18.38 r_arcsec=2.50 | plx=0.467±0.181 mas (SNR=2.6) | pm=13.92±0.29 mas/yr (SNR=47.9) | foreground because PM: pm≥0.02 mas/yr and SNR≥5.0
[STAR] Gaia DR3 3931816785942516736 (GAIA J123646.60+130907.8) ra=189.194180 dec=13.152168 RA=12:36:46.60 DEC=+13:09:07.81 GaiaG=20.51 r_arcsec=2.50 | plx=-0.495±0.710 mas (SNR=-0.7) | pm=9.05±1.32 mas/yr (SNR=6.9) | foreground because PM: pm≥0.02 mas/yr and SNR≥5.0
[STAR] Gaia DR3 3931813831004784384 (GAIA J123648.96+130840.1) ra=189.203985 dec=13.144477 RA=12:36:48.96 DEC=+13:08:40.12 GaiaG=18.78 r_arcsec=2.50 | plx=0.157±0.206 mas (SNR=0.8) | pm=19.38±0.34 mas/yr (SNR=57.7) | foreground because PM: pm≥0.02 mas/yr and SNR≥5.0
[STAR] Gaia DR3 3931816889022029440 (GAIA J123649.69+131001.1) ra=189.207046 dec=13.166965 RA=12:36:49.69 DEC=+13:10:01.07 GaiaG=17.38 r_arcsec=2.67 | plx=0.715±0.097 mas (SNR=7.3) | pm=10.94±0.16 mas/yr (SNR=66.5) | foreground because PARALLAX: plx≥0.002 mas and SNR≥5.0 OR PM: pm≥0.02 mas/yr and SNR≥5.0
WARNING: Legacy TAP query failed (504 Server Error: Gateway Time-out for url: https://datalab.noirlab.edu/tap/sync). Retrying 1/3...
WARNING: Legacy photo-z TAP query failed: 502 Server Error: Bad Gateway for url: https://datalab.noirlab.edu/tap/sync
[LEGACY] No DR9 photo-z-gated objects found (or query unavailable).
[OK] Wrote NGC4569_mask.fits (shape=(1260, 888), masked=3034 px; stars=7, galaxies=0)
[OK] Wrote NGC4569_combined_VRI_mask.png
[TIME] NGC4569_DATACUBE_FINAL_WCS_Pall_mad_red_v3tk_VRI.fits runtime_s=804.95
[TIME] total runtime_s=804.95
=== v3tk masking run end:   2026-06-03T11:20:35 ===
